Command line invocation:
    /Applications/Development/Xcode.app/Contents/Developer/usr/bin/xcodebuild test -project PumpSync.xcodeproj -scheme PumpSync -destination "platform=iOS Simulator,id=7C172CFA-650B-4566-BC58-65DD79E00540" -derivedDataPath /private/tmp/pumpsync-remediation-runtime-build -resultBundlePath /private/tmp/pumpsync-remediation-ax5-accepted.xcresult "-only-testing:PumpSyncUITests/PumpSyncAuditTests" -parallel-testing-enabled NO

Writing result bundle at path:
	/private/tmp/pumpsync-remediation-ax5-accepted.xcresult

ComputePackagePrebuildTargetDependencyGraph

Prepare packages

CreateBuildRequest

SendProjectDescription

CreateBuildOperation

ComputeTargetDependencyGraph
note: Building targets in dependency order
note: Target dependency graph (3 targets)
    Target 'PumpSyncUITests' in project 'PumpSync'
        ➜ Explicit dependency on target 'PumpSync' in project 'PumpSync'
    Target 'PumpSyncTests' in project 'PumpSync'
        ➜ Explicit dependency on target 'PumpSync' in project 'PumpSync'
    Target 'PumpSync' in project 'PumpSync' (no dependencies)

GatherProvisioningInputs

CreateBuildDescription

ClangStatCache /Applications/Development/Xcode.app/Contents/Developer/Toolchains/XcodeDefault.xctoolchain/usr/bin/clang-stat-cache /Applications/Development/Xcode.app/Contents/Developer/Platforms/iPhoneSimulator.platform/Developer/SDKs/iPhoneSimulator27.0.sdk /tmp/pumpsync-remediation-runtime-build/SDKStatCaches.noindex/iphonesimulator27.0-24A430-8b98ade55cdca77b755c004ede0894fd.sdkstatcache
    cd /tmp/pumpsync-ui-audit-harness/PumpSync.xcodeproj
    /Applications/Development/Xcode.app/Contents/Developer/Toolchains/XcodeDefault.xctoolchain/usr/bin/clang-stat-cache /Applications/Development/Xcode.app/Contents/Developer/Platforms/iPhoneSimulator.platform/Developer/SDKs/iPhoneSimulator27.0.sdk -o /tmp/pumpsync-remediation-runtime-build/SDKStatCaches.noindex/iphonesimulator27.0-24A430-8b98ade55cdca77b755c004ede0894fd.sdkstatcache

SwiftDriver PumpSyncUITests normal arm64 com.apple.xcode.tools.swift.compiler (in target 'PumpSyncUITests' from project 'PumpSync')
    cd /tmp/pumpsync-ui-audit-harness
    builtin-SwiftDriver -- /Applications/Development/Xcode.app/Contents/Developer/Toolchains/XcodeDefault.xctoolchain/usr/bin/swiftc -module-name PumpSyncUITests -Onone @/tmp/pumpsync-remediation-runtime-build/Build/Intermediates.noindex/PumpSync.build/Debug-iphonesimulator/PumpSyncUITests.build/Objects-normal/arm64/PumpSyncUITests.SwiftFileList -DDEBUG -module-alias Testing\=_Testing_Unavailable -plugin-path /Applications/Development/Xcode.app/Contents/Developer/Toolchains/XcodeDefault.xctoolchain/usr/lib/swift/host/plugins/testing -enable-experimental-feature DebugDescriptionMacro -sdk /Applications/Development/Xcode.app/Contents/Developer/Platforms/iPhoneSimulator.platform/Developer/SDKs/iPhoneSimulator27.0.sdk -target arm64-apple-ios26.0-simulator -g -module-cache-path /tmp/pumpsync-remediation-runtime-build/ModuleCache.noindex -Xfrontend -serialize-debugging-options -enable-testing -warnings-as-errors -index-store-path /tmp/pumpsync-remediation-runtime-build/Index.noindex/DataStore -Xcc -D_LIBCPP_HARDENING_MODE\=_LIBCPP_HARDENING_MODE_DEBUG -swift-version 6 -I /tmp/pumpsync-remediation-runtime-build/Build/Products/Debug-iphonesimulator -Isystem /Applications/Development/Xcode.app/Contents/Developer/Platforms/iPhoneSimulator.platform/Developer/usr/lib -F /tmp/pumpsync-remediation-runtime-build/Build/Products/Debug-iphonesimulator -F /Applications/Development/Xcode.app/Contents/Developer/Platforms/iPhoneSimulator.platform/Developer/Library/Frameworks -F /Applications/Development/Xcode.app/Contents/Developer/Platforms/iPhoneSimulator.platform/Developer/SDKs/iPhoneSimulator27.0.sdk/Developer/Library/Frameworks -parse-as-library -c -j10 -enable-batch-mode -incremental -Xcc -ivfsstatcache -Xcc /tmp/pumpsync-remediation-runtime-build/SDKStatCaches.noindex/iphonesimulator27.0-24A430-8b98ade55cdca77b755c004ede0894fd.sdkstatcache -output-file-map /tmp/pumpsync-remediation-runtime-build/Build/Intermediates.noindex/PumpSync.build/Debug-iphonesimulator/PumpSyncUITests.build/Objects-normal/arm64/PumpSyncUITests-OutputFileMap.json -save-temps -no-color-diagnostics -explicit-module-build -module-cache-path /tmp/pumpsync-remediation-runtime-build/Build/Intermediates.noindex/SwiftExplicitPrecompiledModules -clang-scanner-module-cache-path /tmp/pumpsync-remediation-runtime-build/ModuleCache.noindex -sdk-module-cache-path /tmp/pumpsync-remediation-runtime-build/SDKExplicitPrecompiledModules -emit-dependencies -emit-module -emit-module-path /tmp/pumpsync-remediation-runtime-build/Build/Intermediates.noindex/PumpSync.build/Debug-iphonesimulator/PumpSyncUITests.build/Objects-normal/arm64/PumpSyncUITests.swiftmodule -serialize-diagnostics -dependency-scan-serialize-diagnostics-path /tmp/pumpsync-remediation-runtime-build/Build/Intermediates.noindex/PumpSync.build/Debug-iphonesimulator/PumpSyncUITests.build/Objects-normal/arm64/PumpSyncUITests-dependency-scan.dia -validate-clang-modules-once -clang-build-session-file /tmp/pumpsync-remediation-runtime-build/ModuleCache.noindex/Session.modulevalidation -Xcc -fmodules-prune-interval\=86400 -Xcc -fmodules-prune-after\=345600 -emit-const-values -const-gather-protocols-list /tmp/pumpsync-remediation-runtime-build/Build/Intermediates.noindex/PumpSync.build/Debug-iphonesimulator/PumpSyncUITests.build/Objects-normal/arm64/PumpSyncUITests_const_extract_protocols.json -Xcc -iquote -Xcc /tmp/pumpsync-remediation-runtime-build/Build/Intermediates.noindex/PumpSync.build/Debug-iphonesimulator/PumpSyncUITests.build/PumpSyncUITests-generated-files.hmap -Xcc -I/tmp/pumpsync-remediation-runtime-build/Build/Intermediates.noindex/PumpSync.build/Debug-iphonesimulator/PumpSyncUITests.build/PumpSyncUITests-own-target-headers.hmap -Xcc -I/tmp/pumpsync-remediation-runtime-build/Build/Intermediates.noindex/PumpSync.build/Debug-iphonesimulator/PumpSyncUITests.build/PumpSyncUITests-all-target-headers.hmap -Xcc -iquote -Xcc /tmp/pumpsync-remediation-runtime-build/Build/Intermediates.noindex/PumpSync.build/Debug-iphonesimulator/PumpSyncUITests.build/PumpSyncUITests-project-headers.hmap -Xcc -I/tmp/pumpsync-remediation-runtime-build/Build/Products/Debug-iphonesimulator/include -Xcc -I/tmp/pumpsync-remediation-runtime-build/Build/Intermediates.noindex/PumpSync.build/Debug-iphonesimulator/PumpSyncUITests.build/DerivedSources-normal/arm64 -Xcc -I/tmp/pumpsync-remediation-runtime-build/Build/Intermediates.noindex/PumpSync.build/Debug-iphonesimulator/PumpSyncUITests.build/DerivedSources/arm64 -Xcc -I/tmp/pumpsync-remediation-runtime-build/Build/Intermediates.noindex/PumpSync.build/Debug-iphonesimulator/PumpSyncUITests.build/DerivedSources -Xcc -DDEBUG\=1 -emit-objc-header -emit-objc-header-path /tmp/pumpsync-remediation-runtime-build/Build/Intermediates.noindex/PumpSync.build/Debug-iphonesimulator/PumpSyncUITests.build/Objects-normal/arm64/PumpSyncUITests-Swift.h -working-directory /tmp/pumpsync-ui-audit-harness -experimental-emit-module-separately -disable-cmo

SwiftCompile normal arm64 Compiling\ PumpSyncUITests.swift /tmp/pumpsync-ui-audit-harness/PumpSyncUITests/PumpSyncUITests.swift (in target 'PumpSyncUITests' from project 'PumpSync')

SwiftCompile normal arm64 /tmp/pumpsync-ui-audit-harness/PumpSyncUITests/PumpSyncUITests.swift (in target 'PumpSyncUITests' from project 'PumpSync')
    cd /tmp/pumpsync-ui-audit-harness
    builtin-SwiftPerFileCompile PumpSyncUITests.swift

SwiftEmitModule normal arm64 Emitting\ module\ for\ PumpSyncUITests (in target 'PumpSyncUITests' from project 'PumpSync')

SwiftCompile normal arm64 (in target 'PumpSyncUITests' from project 'PumpSync')
    cd /tmp/pumpsync-ui-audit-harness


SwiftDriverJobDiscovery normal arm64 Emitting module for PumpSyncUITests (in target 'PumpSyncUITests' from project 'PumpSync')

SwiftDriver\ Compilation\ Requirements PumpSyncUITests normal arm64 com.apple.xcode.tools.swift.compiler (in target 'PumpSyncUITests' from project 'PumpSync')
    cd /tmp/pumpsync-ui-audit-harness
    builtin-Swift-Compilation-Requirements -- /Applications/Development/Xcode.app/Contents/Developer/Toolchains/XcodeDefault.xctoolchain/usr/bin/swiftc -module-name PumpSyncUITests -Onone @/tmp/pumpsync-remediation-runtime-build/Build/Intermediates.noindex/PumpSync.build/Debug-iphonesimulator/PumpSyncUITests.build/Objects-normal/arm64/PumpSyncUITests.SwiftFileList -DDEBUG -module-alias Testing\=_Testing_Unavailable -plugin-path /Applications/Development/Xcode.app/Contents/Developer/Toolchains/XcodeDefault.xctoolchain/usr/lib/swift/host/plugins/testing -enable-experimental-feature DebugDescriptionMacro -sdk /Applications/Development/Xcode.app/Contents/Developer/Platforms/iPhoneSimulator.platform/Developer/SDKs/iPhoneSimulator27.0.sdk -target arm64-apple-ios26.0-simulator -g -module-cache-path /tmp/pumpsync-remediation-runtime-build/ModuleCache.noindex -Xfrontend -serialize-debugging-options -enable-testing -warnings-as-errors -index-store-path /tmp/pumpsync-remediation-runtime-build/Index.noindex/DataStore -Xcc -D_LIBCPP_HARDENING_MODE\=_LIBCPP_HARDENING_MODE_DEBUG -swift-version 6 -I /tmp/pumpsync-remediation-runtime-build/Build/Products/Debug-iphonesimulator -Isystem /Applications/Development/Xcode.app/Contents/Developer/Platforms/iPhoneSimulator.platform/Developer/usr/lib -F /tmp/pumpsync-remediation-runtime-build/Build/Products/Debug-iphonesimulator -F /Applications/Development/Xcode.app/Contents/Developer/Platforms/iPhoneSimulator.platform/Developer/Library/Frameworks -F /Applications/Development/Xcode.app/Contents/Developer/Platforms/iPhoneSimulator.platform/Developer/SDKs/iPhoneSimulator27.0.sdk/Developer/Library/Frameworks -parse-as-library -c -j10 -enable-batch-mode -incremental -Xcc -ivfsstatcache -Xcc /tmp/pumpsync-remediation-runtime-build/SDKStatCaches.noindex/iphonesimulator27.0-24A430-8b98ade55cdca77b755c004ede0894fd.sdkstatcache -output-file-map /tmp/pumpsync-remediation-runtime-build/Build/Intermediates.noindex/PumpSync.build/Debug-iphonesimulator/PumpSyncUITests.build/Objects-normal/arm64/PumpSyncUITests-OutputFileMap.json -save-temps -no-color-diagnostics -explicit-module-build -module-cache-path /tmp/pumpsync-remediation-runtime-build/Build/Intermediates.noindex/SwiftExplicitPrecompiledModules -clang-scanner-module-cache-path /tmp/pumpsync-remediation-runtime-build/ModuleCache.noindex -sdk-module-cache-path /tmp/pumpsync-remediation-runtime-build/SDKExplicitPrecompiledModules -emit-dependencies -emit-module -emit-module-path /tmp/pumpsync-remediation-runtime-build/Build/Intermediates.noindex/PumpSync.build/Debug-iphonesimulator/PumpSyncUITests.build/Objects-normal/arm64/PumpSyncUITests.swiftmodule -serialize-diagnostics -dependency-scan-serialize-diagnostics-path /tmp/pumpsync-remediation-runtime-build/Build/Intermediates.noindex/PumpSync.build/Debug-iphonesimulator/PumpSyncUITests.build/Objects-normal/arm64/PumpSyncUITests-dependency-scan.dia -validate-clang-modules-once -clang-build-session-file /tmp/pumpsync-remediation-runtime-build/ModuleCache.noindex/Session.modulevalidation -Xcc -fmodules-prune-interval\=86400 -Xcc -fmodules-prune-after\=345600 -emit-const-values -const-gather-protocols-list /tmp/pumpsync-remediation-runtime-build/Build/Intermediates.noindex/PumpSync.build/Debug-iphonesimulator/PumpSyncUITests.build/Objects-normal/arm64/PumpSyncUITests_const_extract_protocols.json -Xcc -iquote -Xcc /tmp/pumpsync-remediation-runtime-build/Build/Intermediates.noindex/PumpSync.build/Debug-iphonesimulator/PumpSyncUITests.build/PumpSyncUITests-generated-files.hmap -Xcc -I/tmp/pumpsync-remediation-runtime-build/Build/Intermediates.noindex/PumpSync.build/Debug-iphonesimulator/PumpSyncUITests.build/PumpSyncUITests-own-target-headers.hmap -Xcc -I/tmp/pumpsync-remediation-runtime-build/Build/Intermediates.noindex/PumpSync.build/Debug-iphonesimulator/PumpSyncUITests.build/PumpSyncUITests-all-target-headers.hmap -Xcc -iquote -Xcc /tmp/pumpsync-remediation-runtime-build/Build/Intermediates.noindex/PumpSync.build/Debug-iphonesimulator/PumpSyncUITests.build/PumpSyncUITests-project-headers.hmap -Xcc -I/tmp/pumpsync-remediation-runtime-build/Build/Products/Debug-iphonesimulator/include -Xcc -I/tmp/pumpsync-remediation-runtime-build/Build/Intermediates.noindex/PumpSync.build/Debug-iphonesimulator/PumpSyncUITests.build/DerivedSources-normal/arm64 -Xcc -I/tmp/pumpsync-remediation-runtime-build/Build/Intermediates.noindex/PumpSync.build/Debug-iphonesimulator/PumpSyncUITests.build/DerivedSources/arm64 -Xcc -I/tmp/pumpsync-remediation-runtime-build/Build/Intermediates.noindex/PumpSync.build/Debug-iphonesimulator/PumpSyncUITests.build/DerivedSources -Xcc -DDEBUG\=1 -emit-objc-header -emit-objc-header-path /tmp/pumpsync-remediation-runtime-build/Build/Intermediates.noindex/PumpSync.build/Debug-iphonesimulator/PumpSyncUITests.build/Objects-normal/arm64/PumpSyncUITests-Swift.h -working-directory /tmp/pumpsync-ui-audit-harness -experimental-emit-module-separately -disable-cmo

Copy /tmp/pumpsync-remediation-runtime-build/Build/Products/Debug-iphonesimulator/PumpSyncUITests.swiftmodule/Project/arm64-apple-ios-simulator.swiftsourceinfo /tmp/pumpsync-remediation-runtime-build/Build/Intermediates.noindex/PumpSync.build/Debug-iphonesimulator/PumpSyncUITests.build/Objects-normal/arm64/PumpSyncUITests.swiftsourceinfo (in target 'PumpSyncUITests' from project 'PumpSync')
    cd /tmp/pumpsync-ui-audit-harness
    builtin-copy -exclude .DS_Store -exclude CVS -exclude .svn -exclude .git -exclude .hg -resolve-src-symlinks -rename /tmp/pumpsync-remediation-runtime-build/Build/Intermediates.noindex/PumpSync.build/Debug-iphonesimulator/PumpSyncUITests.build/Objects-normal/arm64/PumpSyncUITests.swiftsourceinfo /tmp/pumpsync-remediation-runtime-build/Build/Products/Debug-iphonesimulator/PumpSyncUITests.swiftmodule/Project/arm64-apple-ios-simulator.swiftsourceinfo

Copy /tmp/pumpsync-remediation-runtime-build/Build/Products/Debug-iphonesimulator/PumpSyncUITests.swiftmodule/arm64-apple-ios-simulator.abi.json /tmp/pumpsync-remediation-runtime-build/Build/Intermediates.noindex/PumpSync.build/Debug-iphonesimulator/PumpSyncUITests.build/Objects-normal/arm64/PumpSyncUITests.abi.json (in target 'PumpSyncUITests' from project 'PumpSync')
    cd /tmp/pumpsync-ui-audit-harness
    builtin-copy -exclude .DS_Store -exclude CVS -exclude .svn -exclude .git -exclude .hg -resolve-src-symlinks -rename /tmp/pumpsync-remediation-runtime-build/Build/Intermediates.noindex/PumpSync.build/Debug-iphonesimulator/PumpSyncUITests.build/Objects-normal/arm64/PumpSyncUITests.abi.json /tmp/pumpsync-remediation-runtime-build/Build/Products/Debug-iphonesimulator/PumpSyncUITests.swiftmodule/arm64-apple-ios-simulator.abi.json

SwiftDriverJobDiscovery normal arm64 Compiling PumpSyncUITests.swift (in target 'PumpSyncUITests' from project 'PumpSync')

SwiftDriver\ Compilation PumpSyncUITests normal arm64 com.apple.xcode.tools.swift.compiler (in target 'PumpSyncUITests' from project 'PumpSync')
    cd /tmp/pumpsync-ui-audit-harness
    builtin-Swift-Compilation -- /Applications/Development/Xcode.app/Contents/Developer/Toolchains/XcodeDefault.xctoolchain/usr/bin/swiftc -module-name PumpSyncUITests -Onone @/tmp/pumpsync-remediation-runtime-build/Build/Intermediates.noindex/PumpSync.build/Debug-iphonesimulator/PumpSyncUITests.build/Objects-normal/arm64/PumpSyncUITests.SwiftFileList -DDEBUG -module-alias Testing\=_Testing_Unavailable -plugin-path /Applications/Development/Xcode.app/Contents/Developer/Toolchains/XcodeDefault.xctoolchain/usr/lib/swift/host/plugins/testing -enable-experimental-feature DebugDescriptionMacro -sdk /Applications/Development/Xcode.app/Contents/Developer/Platforms/iPhoneSimulator.platform/Developer/SDKs/iPhoneSimulator27.0.sdk -target arm64-apple-ios26.0-simulator -g -module-cache-path /tmp/pumpsync-remediation-runtime-build/ModuleCache.noindex -Xfrontend -serialize-debugging-options -enable-testing -warnings-as-errors -index-store-path /tmp/pumpsync-remediation-runtime-build/Index.noindex/DataStore -Xcc -D_LIBCPP_HARDENING_MODE\=_LIBCPP_HARDENING_MODE_DEBUG -swift-version 6 -I /tmp/pumpsync-remediation-runtime-build/Build/Products/Debug-iphonesimulator -Isystem /Applications/Development/Xcode.app/Contents/Developer/Platforms/iPhoneSimulator.platform/Developer/usr/lib -F /tmp/pumpsync-remediation-runtime-build/Build/Products/Debug-iphonesimulator -F /Applications/Development/Xcode.app/Contents/Developer/Platforms/iPhoneSimulator.platform/Developer/Library/Frameworks -F /Applications/Development/Xcode.app/Contents/Developer/Platforms/iPhoneSimulator.platform/Developer/SDKs/iPhoneSimulator27.0.sdk/Developer/Library/Frameworks -parse-as-library -c -j10 -enable-batch-mode -incremental -Xcc -ivfsstatcache -Xcc /tmp/pumpsync-remediation-runtime-build/SDKStatCaches.noindex/iphonesimulator27.0-24A430-8b98ade55cdca77b755c004ede0894fd.sdkstatcache -output-file-map /tmp/pumpsync-remediation-runtime-build/Build/Intermediates.noindex/PumpSync.build/Debug-iphonesimulator/PumpSyncUITests.build/Objects-normal/arm64/PumpSyncUITests-OutputFileMap.json -save-temps -no-color-diagnostics -explicit-module-build -module-cache-path /tmp/pumpsync-remediation-runtime-build/Build/Intermediates.noindex/SwiftExplicitPrecompiledModules -clang-scanner-module-cache-path /tmp/pumpsync-remediation-runtime-build/ModuleCache.noindex -sdk-module-cache-path /tmp/pumpsync-remediation-runtime-build/SDKExplicitPrecompiledModules -emit-dependencies -emit-module -emit-module-path /tmp/pumpsync-remediation-runtime-build/Build/Intermediates.noindex/PumpSync.build/Debug-iphonesimulator/PumpSyncUITests.build/Objects-normal/arm64/PumpSyncUITests.swiftmodule -serialize-diagnostics -dependency-scan-serialize-diagnostics-path /tmp/pumpsync-remediation-runtime-build/Build/Intermediates.noindex/PumpSync.build/Debug-iphonesimulator/PumpSyncUITests.build/Objects-normal/arm64/PumpSyncUITests-dependency-scan.dia -validate-clang-modules-once -clang-build-session-file /tmp/pumpsync-remediation-runtime-build/ModuleCache.noindex/Session.modulevalidation -Xcc -fmodules-prune-interval\=86400 -Xcc -fmodules-prune-after\=345600 -emit-const-values -const-gather-protocols-list /tmp/pumpsync-remediation-runtime-build/Build/Intermediates.noindex/PumpSync.build/Debug-iphonesimulator/PumpSyncUITests.build/Objects-normal/arm64/PumpSyncUITests_const_extract_protocols.json -Xcc -iquote -Xcc /tmp/pumpsync-remediation-runtime-build/Build/Intermediates.noindex/PumpSync.build/Debug-iphonesimulator/PumpSyncUITests.build/PumpSyncUITests-generated-files.hmap -Xcc -I/tmp/pumpsync-remediation-runtime-build/Build/Intermediates.noindex/PumpSync.build/Debug-iphonesimulator/PumpSyncUITests.build/PumpSyncUITests-own-target-headers.hmap -Xcc -I/tmp/pumpsync-remediation-runtime-build/Build/Intermediates.noindex/PumpSync.build/Debug-iphonesimulator/PumpSyncUITests.build/PumpSyncUITests-all-target-headers.hmap -Xcc -iquote -Xcc /tmp/pumpsync-remediation-runtime-build/Build/Intermediates.noindex/PumpSync.build/Debug-iphonesimulator/PumpSyncUITests.build/PumpSyncUITests-project-headers.hmap -Xcc -I/tmp/pumpsync-remediation-runtime-build/Build/Products/Debug-iphonesimulator/include -Xcc -I/tmp/pumpsync-remediation-runtime-build/Build/Intermediates.noindex/PumpSync.build/Debug-iphonesimulator/PumpSyncUITests.build/DerivedSources-normal/arm64 -Xcc -I/tmp/pumpsync-remediation-runtime-build/Build/Intermediates.noindex/PumpSync.build/Debug-iphonesimulator/PumpSyncUITests.build/DerivedSources/arm64 -Xcc -I/tmp/pumpsync-remediation-runtime-build/Build/Intermediates.noindex/PumpSync.build/Debug-iphonesimulator/PumpSyncUITests.build/DerivedSources -Xcc -DDEBUG\=1 -emit-objc-header -emit-objc-header-path /tmp/pumpsync-remediation-runtime-build/Build/Intermediates.noindex/PumpSync.build/Debug-iphonesimulator/PumpSyncUITests.build/Objects-normal/arm64/PumpSyncUITests-Swift.h -working-directory /tmp/pumpsync-ui-audit-harness -experimental-emit-module-separately -disable-cmo

Ld /tmp/pumpsync-remediation-runtime-build/Build/Products/Debug-iphonesimulator/PumpSyncUITests-Runner.app/PlugIns/PumpSyncUITests.xctest/PumpSyncUITests normal (in target 'PumpSyncUITests' from project 'PumpSync')
    cd /tmp/pumpsync-ui-audit-harness
    /Applications/Development/Xcode.app/Contents/Developer/Toolchains/XcodeDefault.xctoolchain/usr/bin/clang -Xlinker -reproducible -target arm64-apple-ios26.0-simulator -bundle -isysroot /Applications/Development/Xcode.app/Contents/Developer/Platforms/iPhoneSimulator.platform/Developer/SDKs/iPhoneSimulator27.0.sdk -O0 -Xlinker -no_warn_duplicate_libraries -L/tmp/pumpsync-remediation-runtime-build/Build/Intermediates.noindex/EagerLinkingTBDs/Debug-iphonesimulator -L/tmp/pumpsync-remediation-runtime-build/Build/Products/Debug-iphonesimulator -L/Applications/Development/Xcode.app/Contents/Developer/Platforms/iPhoneSimulator.platform/Developer/usr/lib -F/tmp/pumpsync-remediation-runtime-build/Build/Intermediates.noindex/EagerLinkingTBDs/Debug-iphonesimulator -F/tmp/pumpsync-remediation-runtime-build/Build/Products/Debug-iphonesimulator -iframework /Applications/Development/Xcode.app/Contents/Developer/Platforms/iPhoneSimulator.platform/Developer/Library/Frameworks -iframework /Applications/Development/Xcode.app/Contents/Developer/Platforms/iPhoneSimulator.platform/Developer/SDKs/iPhoneSimulator27.0.sdk/Developer/Library/Frameworks -filelist /tmp/pumpsync-remediation-runtime-build/Build/Intermediates.noindex/PumpSync.build/Debug-iphonesimulator/PumpSyncUITests.build/Objects-normal/arm64/PumpSyncUITests.LinkFileList -Xlinker -rpath -Xlinker @loader_path/Frameworks -Xlinker -rpath -Xlinker @executable_path/Frameworks -Xlinker -dead_strip -Xlinker -object_path_lto -Xlinker /tmp/pumpsync-remediation-runtime-build/Build/Intermediates.noindex/PumpSync.build/Debug-iphonesimulator/PumpSyncUITests.build/Objects-normal/arm64/PumpSyncUITests_lto.o -rdynamic -Xlinker -no_deduplicate -Xlinker -objc_abi_version -Xlinker 2 -Xlinker -dependency_info -Xlinker /tmp/pumpsync-remediation-runtime-build/Build/Intermediates.noindex/PumpSync.build/Debug-iphonesimulator/PumpSyncUITests.build/Objects-normal/arm64/PumpSyncUITests_dependency_info.dat -fobjc-link-runtime -L/Applications/Development/Xcode.app/Contents/Developer/Toolchains/XcodeDefault.xctoolchain/usr/lib/swift/iphonesimulator -L/usr/lib/swift -Xlinker -add_ast_path -Xlinker /tmp/pumpsync-remediation-runtime-build/Build/Intermediates.noindex/PumpSync.build/Debug-iphonesimulator/PumpSyncUITests.build/Objects-normal/arm64/PumpSyncUITests.swiftmodule -Xlinker -needed_framework -Xlinker XCTest -framework XCTest -Xlinker -needed-lXCTestSwiftSupport -lXCTestSwiftSupport -Xlinker -sectcreate -Xlinker __TEXT -Xlinker __entitlements -Xlinker /tmp/pumpsync-remediation-runtime-build/Build/Intermediates.noindex/PumpSync.build/Debug-iphonesimulator/PumpSyncUITests.build/PumpSyncUITests.xctest-Simulated.xcent -Xlinker -sectcreate -Xlinker __TEXT -Xlinker __ents_der -Xlinker /tmp/pumpsync-remediation-runtime-build/Build/Intermediates.noindex/PumpSync.build/Debug-iphonesimulator/PumpSyncUITests.build/PumpSyncUITests.xctest-Simulated.xcent.der -framework AppIntents -Xlinker -no_adhoc_codesign -o /tmp/pumpsync-remediation-runtime-build/Build/Products/Debug-iphonesimulator/PumpSyncUITests-Runner.app/PlugIns/PumpSyncUITests.xctest/PumpSyncUITests

ExtractAppIntentsMetadata (in target 'PumpSyncUITests' from project 'PumpSync')
    cd /tmp/pumpsync-ui-audit-harness
    /Applications/Development/Xcode.app/Contents/Developer/Toolchains/XcodeDefault.xctoolchain/usr/bin/appintentsmetadataprocessor --toolchain-dir /Applications/Development/Xcode.app/Contents/Developer/Toolchains/XcodeDefault.xctoolchain --module-name PumpSyncUITests --sdk-root /Applications/Development/Xcode.app/Contents/Developer/Platforms/iPhoneSimulator.platform/Developer/SDKs/iPhoneSimulator27.0.sdk --xcode-version 27A266a --platform-family iOS --deployment-target 26.0 --bundle-identifier dev.ericslutz.PumpSyncUITests --output /tmp/pumpsync-remediation-runtime-build/Build/Products/Debug-iphonesimulator/PumpSyncUITests-Runner.app/PlugIns/PumpSyncUITests.xctest --target-triple arm64-apple-ios26.0-simulator --binary-file /tmp/pumpsync-remediation-runtime-build/Build/Products/Debug-iphonesimulator/PumpSyncUITests-Runner.app/PlugIns/PumpSyncUITests.xctest/PumpSyncUITests --dependency-file /tmp/pumpsync-remediation-runtime-build/Build/Intermediates.noindex/PumpSync.build/Debug-iphonesimulator/PumpSyncUITests.build/Objects-normal/arm64/PumpSyncUITests_dependency_info.dat --stringsdata-file /tmp/pumpsync-remediation-runtime-build/Build/Intermediates.noindex/PumpSync.build/Debug-iphonesimulator/PumpSyncUITests.build/Objects-normal/arm64/ExtractedAppShortcutsMetadata.stringsdata --source-file-list /tmp/pumpsync-remediation-runtime-build/Build/Intermediates.noindex/PumpSync.build/Debug-iphonesimulator/PumpSyncUITests.build/Objects-normal/arm64/PumpSyncUITests.SwiftFileList --metadata-file-list /tmp/pumpsync-remediation-runtime-build/Build/Intermediates.noindex/PumpSync.build/Debug-iphonesimulator/PumpSyncUITests.build/PumpSyncUITests.DependencyMetadataFileList --static-metadata-file-list /tmp/pumpsync-remediation-runtime-build/Build/Intermediates.noindex/PumpSync.build/Debug-iphonesimulator/PumpSyncUITests.build/PumpSyncUITests.DependencyStaticMetadataFileList --swift-const-vals-list /tmp/pumpsync-remediation-runtime-build/Build/Intermediates.noindex/PumpSync.build/Debug-iphonesimulator/PumpSyncUITests.build/Objects-normal/arm64/PumpSyncUITests.SwiftConstValuesFileList --compile-time-extraction --deployment-aware-processing --no-app-shortcuts-localization
2026-10-01 12:15:55.946 appintentsmetadataprocessor[11773:3121619] Starting appintentsmetadataprocessor export
2026-10-01 12:15:56.032 appintentsmetadataprocessor[11773:3121619] Extracted no relevant App Intents symbols, skipping writing output

CopySwiftLibs /tmp/pumpsync-remediation-runtime-build/Build/Products/Debug-iphonesimulator/PumpSyncUITests-Runner.app/PlugIns/PumpSyncUITests.xctest (in target 'PumpSyncUITests' from project 'PumpSync')
    cd /tmp/pumpsync-ui-audit-harness
    builtin-swiftStdLibTool --copy --verbose --sign - --scan-executable /tmp/pumpsync-remediation-runtime-build/Build/Products/Debug-iphonesimulator/PumpSyncUITests-Runner.app/PlugIns/PumpSyncUITests.xctest/PumpSyncUITests --scan-folder /tmp/pumpsync-remediation-runtime-build/Build/Products/Debug-iphonesimulator/PumpSyncUITests-Runner.app/PlugIns/PumpSyncUITests.xctest/Frameworks --scan-folder /tmp/pumpsync-remediation-runtime-build/Build/Products/Debug-iphonesimulator/PumpSyncUITests-Runner.app/PlugIns/PumpSyncUITests.xctest/PlugIns --scan-folder /tmp/pumpsync-remediation-runtime-build/Build/Products/Debug-iphonesimulator/PumpSyncUITests-Runner.app/PlugIns/PumpSyncUITests.xctest/SystemExtensions --scan-folder /tmp/pumpsync-remediation-runtime-build/Build/Products/Debug-iphonesimulator/PumpSyncUITests-Runner.app/PlugIns/PumpSyncUITests.xctest/Extensions --scan-folder /Applications/Development/Xcode.app/Contents/Developer/Platforms/iPhoneSimulator.platform/Developer/SDKs/iPhoneSimulator27.0.sdk/System/Library/Frameworks/AppIntents.framework --platform iphonesimulator --toolchain /Applications/Development/Xcode.app/Contents/Developer/Toolchains/XcodeDefault.xctoolchain --destination /tmp/pumpsync-remediation-runtime-build/Build/Products/Debug-iphonesimulator/PumpSyncUITests-Runner.app/PlugIns/PumpSyncUITests.xctest/Frameworks --strip-bitcode --scan-executable /Applications/Development/Xcode.app/Contents/Developer/Platforms/iPhoneSimulator.platform/Developer/usr/lib/libXCTestSwiftSupport.dylib --strip-bitcode-tool /Applications/Development/Xcode.app/Contents/Developer/Toolchains/XcodeDefault.xctoolchain/usr/bin/bitcode_strip --emit-dependency-info /tmp/pumpsync-remediation-runtime-build/Build/Intermediates.noindex/PumpSync.build/Debug-iphonesimulator/PumpSyncUITests.build/SwiftStdLibToolInputDependencies.dep --filter-for-swift-os

CodeSign /tmp/pumpsync-remediation-runtime-build/Build/Products/Debug-iphonesimulator/PumpSyncUITests-Runner.app/PlugIns/PumpSyncUITests.xctest (in target 'PumpSyncUITests' from project 'PumpSync')
    cd /tmp/pumpsync-ui-audit-harness

    Signing Identity:     "Sign to Run Locally"

    /usr/bin/codesign --force --sign - --timestamp\=none --generate-entitlement-der /tmp/pumpsync-remediation-runtime-build/Build/Products/Debug-iphonesimulator/PumpSyncUITests-Runner.app/PlugIns/PumpSyncUITests.xctest

CodeSign /tmp/pumpsync-remediation-runtime-build/Build/Products/Debug-iphonesimulator/PumpSyncUITests-Runner.app (in target 'PumpSyncUITests' from project 'PumpSync')
    cd /tmp/pumpsync-ui-audit-harness

    Signing Identity:     "Sign to Run Locally"

    /usr/bin/codesign --force --sign - --timestamp\=none --generate-entitlement-der /tmp/pumpsync-remediation-runtime-build/Build/Products/Debug-iphonesimulator/PumpSyncUITests-Runner.app
/tmp/pumpsync-remediation-runtime-build/Build/Products/Debug-iphonesimulator/PumpSyncUITests-Runner.app: replacing existing signature

PruneExplicitPrecompiledModules /tmp/pumpsync-remediation-runtime-build/SDKExplicitPrecompiledModules

PruneExplicitPrecompiledModules /tmp/pumpsync-remediation-runtime-build/Build/Intermediates.noindex/ExplicitPrecompiledModules

PruneExplicitPrecompiledModules /tmp/pumpsync-remediation-runtime-build/Build/Intermediates.noindex/SwiftExplicitPrecompiledModules

2026-10-01 12:15:58.523511-0400 PumpSyncUITests-Runner[11777:3121797] [Default] Running tests...
    t =      nans Interface orientation changed to Portrait
Test Suite 'Selected tests' started at 2026-10-01 12:15:59.420.
Test Suite 'PumpSyncUITests.xctest' started at 2026-10-01 12:15:59.421.
Test Suite 'PumpSyncAuditTests' started at 2026-10-01 12:15:59.421.
Test Case '-[PumpSyncUITests.PumpSyncAuditTests testRemediatedSystemLayoutsAndConnectionFeedback]' started.
    t =     0.00s Start Test at 2026-10-01 12:15:59.422
    t =     0.07s Set Up
    t =     0.07s Open dev.ericslutz.PumpSync
    t =     0.07s     Launch dev.ericslutz.PumpSync
2026-10-01 12:15:59.762 xcodebuild[11728:3121438] [MT] IDELaunchParametersSnapshot: debugger version lookup failed for path '<nil>': noURL
2026-10-01 12:15:59.762 xcodebuild[11728:3121438] [MT] IDELaunchParametersSnapshot: no debugger version
objc[11777]: Class UIAccessibilityLoaderWebShared is implemented in both /Library/Developer/CoreSimulator/Volumes/iOS_23F77/Library/Developer/CoreSimulator/Profiles/Runtimes/iOS 26.5.simruntime/Contents/Resources/RuntimeRoot/System/Library/AccessibilityBundles/WebCore.axbundle/WebCore (0x106b04310) and /Library/Developer/CoreSimulator/Volumes/iOS_23F77/Library/Developer/CoreSimulator/Profiles/Runtimes/iOS 26.5.simruntime/Contents/Resources/RuntimeRoot/System/Library/AccessibilityBundles/WebKit.axbundle/WebKit (0x106b80398). This may cause spurious casting failures and mysterious crashes. One of the duplicates must be removed or renamed.
    t =     1.16s         Setting up automation session
    t =     2.31s         Wait for dev.ericslutz.PumpSync to idle
    t =     4.36s Waiting 2.0s for "Cancel" Button to exist
    t =     5.39s     Checking `Expect predicate `existsNoRetry == 1` for object "Cancel" Button`
    t =     5.39s         Checking existence of `"Cancel" Button`
    t =     5.44s         Capturing element debug description
    t =     6.37s     Checking `Expect predicate `existsNoRetry == 1` for object "Cancel" Button`
    t =     6.37s         Checking existence of `"Cancel" Button`
    t =     6.39s         Capturing element debug description
    t =     6.40s     Checking existence of `"Cancel" Button`
    t =     6.42s Collecting debug information to assist test failure triage
    t =     6.42s     Requesting snapshot of accessibility hierarchy for app with pid 10281
    t =     6.47s Waiting 10.0s for "Settings" Button to exist
    t =     7.50s     Checking `Expect predicate `existsNoRetry == 1` for object "Settings" Button`
    t =     7.50s         Checking existence of `"Settings" Button`
    t =     8.68s Find the Target Application 'dev.ericslutz.PumpSync'
    t =     8.82s Added attachment named 'remediated-sync.png'
    t =     8.82s Requesting snapshot of accessibility hierarchy for app with pid 11783
    t =     8.99s Requesting snapshot of accessibility hierarchy for app with pid 11783
    t =     9.03s Added attachment named 'remediated-sync-tree.txt'
    t =     9.03s Tap "Settings" Button
    t =     9.03s     Wait for dev.ericslutz.PumpSync to idle
    t =     9.03s     Find the "Settings" Button
    t =     9.06s     Check for interrupting elements affecting "Settings" Button
    t =     9.11s     Synthesize event
    t =     9.42s     Wait for dev.ericslutz.PumpSync to idle
    t =    11.15s Find the "TandemAccountLink" Button
    t =    11.25s Swipe up Target Application 'dev.ericslutz.PumpSync'
    t =    11.25s     Wait for dev.ericslutz.PumpSync to idle
    t =    11.25s     Find the Target Application 'dev.ericslutz.PumpSync'
    t =    11.28s     Check for interrupting elements affecting "PumpSync" Application
    t =    11.31s     Synthesize event
    t =    11.73s     Wait for dev.ericslutz.PumpSync to idle
    t =    13.85s Find the "TandemAccountLink" Button
    t =    13.90s Swipe up Target Application 'dev.ericslutz.PumpSync'
    t =    13.90s     Wait for dev.ericslutz.PumpSync to idle
    t =    13.90s     Find the Target Application 'dev.ericslutz.PumpSync'
    t =    13.93s     Check for interrupting elements affecting "PumpSync" Application
    t =    13.96s     Synthesize event
    t =    14.38s     Wait for dev.ericslutz.PumpSync to idle
    t =    16.50s Find the "TandemAccountLink" Button
    t =    16.55s Tap "TandemAccountLink" Button
    t =    16.55s     Wait for dev.ericslutz.PumpSync to idle
    t =    16.55s     Find the "TandemAccountLink" Button
    t =    16.59s     Check for interrupting elements affecting "TandemAccountLink" Button
    t =    16.62s     Synthesize event
    t =    16.91s     Wait for dev.ericslutz.PumpSync to idle
    t =    17.83s Waiting 5.0s for "TandemRegionPicker" Button to exist
    t =    18.86s     Checking `Expect predicate `existsNoRetry == 1` for object "TandemRegionPicker" Button`
    t =    18.86s         Checking existence of `"TandemRegionPicker" Button`
    t =    18.90s Checking existence of `"Save Credentials" Button`
    t =    18.92s Find the "TandemRegionPicker" Button
    t =    18.96s Find the "Save Credentials" Button
    t =    19.99s Find the Target Application 'dev.ericslutz.PumpSync'
    t =    20.13s Added attachment named 'remediated-tandem.png'
    t =    20.13s Requesting snapshot of accessibility hierarchy for app with pid 11783
    t =    20.26s Requesting snapshot of accessibility hierarchy for app with pid 11783
    t =    20.30s Added attachment named 'remediated-tandem-tree.txt'
    t =    20.30s Tap Button (First Match)
    t =    20.30s     Wait for dev.ericslutz.PumpSync to idle
    t =    20.30s     Find the Button (First Match)
    t =    20.33s     Check for interrupting elements affecting "BackButton" Button
    t =    20.36s     Synthesize event
    t =    20.67s     Wait for dev.ericslutz.PumpSync to idle
    t =    21.00s Find the "InsulinConcentrationLink" Button
    t =    21.05s Swipe up Target Application 'dev.ericslutz.PumpSync'
    t =    21.05s     Wait for dev.ericslutz.PumpSync to idle
    t =    21.05s     Find the Target Application 'dev.ericslutz.PumpSync'
    t =    21.07s     Check for interrupting elements affecting "PumpSync" Application
    t =    21.10s     Synthesize event
    t =    21.53s     Wait for dev.ericslutz.PumpSync to idle
    t =    23.65s Find the "InsulinConcentrationLink" Button
    t =    23.73s Tap "InsulinConcentrationLink" Button
    t =    23.73s     Wait for dev.ericslutz.PumpSync to idle
    t =    23.95s     Find the "InsulinConcentrationLink" Button
    t =    24.01s     Check for interrupting elements affecting "InsulinConcentrationLink" Button
    t =    24.05s     Synthesize event
    t =    24.34s     Wait for dev.ericslutz.PumpSync to idle
    t =    25.13s Waiting 5.0s for "Current Setting" StaticText to exist
    t =    26.18s     Checking `Expect predicate `existsNoRetry == 1` for object "Current Setting" StaticText`
    t =    26.18s         Checking existence of `"Current Setting" StaticText`
    t =    27.24s Find the Target Application 'dev.ericslutz.PumpSync'
    t =    27.40s Added attachment named 'remediated-concentration.png'
    t =    27.40s Requesting snapshot of accessibility hierarchy for app with pid 11783
    t =    27.56s Requesting snapshot of accessibility hierarchy for app with pid 11783
    t =    27.60s Added attachment named 'remediated-concentration-tree.txt'
    t =    27.60s Tap Button (First Match)
    t =    27.60s     Wait for dev.ericslutz.PumpSync to idle
    t =    27.60s     Find the Button (First Match)
    t =    27.63s     Check for interrupting elements affecting "BackButton" Button
    t =    27.66s     Synthesize event
    t =    27.96s     Wait for dev.ericslutz.PumpSync to idle
    t =    28.29s Swipe down Target Application 'dev.ericslutz.PumpSync'
    t =    28.29s     Wait for dev.ericslutz.PumpSync to idle
    t =    28.30s     Find the Target Application 'dev.ericslutz.PumpSync'
    t =    28.33s     Check for interrupting elements affecting "PumpSync" Application
    t =    28.36s     Synthesize event
    t =    28.78s     Wait for dev.ericslutz.PumpSync to idle
    t =    30.86s Swipe down Target Application 'dev.ericslutz.PumpSync'
    t =    30.86s     Wait for dev.ericslutz.PumpSync to idle
    t =    30.87s     Find the Target Application 'dev.ericslutz.PumpSync'
    t =    30.91s     Check for interrupting elements affecting "PumpSync" Application
    t =    30.94s     Synthesize event
    t =    31.37s     Wait for dev.ericslutz.PumpSync to idle
    t =    33.46s Swipe down Target Application 'dev.ericslutz.PumpSync'
    t =    33.46s     Wait for dev.ericslutz.PumpSync to idle
    t =    33.57s     Find the Target Application 'dev.ericslutz.PumpSync'
    t =    33.61s     Check for interrupting elements affecting "PumpSync" Application
    t =    33.64s     Synthesize event
    t =    34.07s     Wait for dev.ericslutz.PumpSync to idle
    t =    36.18s Swipe down Target Application 'dev.ericslutz.PumpSync'
    t =    36.18s     Wait for dev.ericslutz.PumpSync to idle
    t =    36.18s     Find the Target Application 'dev.ericslutz.PumpSync'
    t =    36.22s     Check for interrupting elements affecting "PumpSync" Application
    t =    36.25s     Synthesize event
    t =    36.68s     Wait for dev.ericslutz.PumpSync to idle
    t =    37.35s Swipe down Target Application 'dev.ericslutz.PumpSync'
    t =    37.35s     Wait for dev.ericslutz.PumpSync to idle
    t =    37.36s     Find the Target Application 'dev.ericslutz.PumpSync'
    t =    37.40s     Check for interrupting elements affecting "PumpSync" Application
    t =    37.43s     Synthesize event
    t =    37.86s     Wait for dev.ericslutz.PumpSync to idle
    t =    38.62s Swipe down Target Application 'dev.ericslutz.PumpSync'
    t =    38.62s     Wait for dev.ericslutz.PumpSync to idle
    t =    38.62s     Find the Target Application 'dev.ericslutz.PumpSync'
    t =    38.65s     Check for interrupting elements affecting "PumpSync" Application
    t =    38.67s     Synthesize event
    t =    39.10s     Wait for dev.ericslutz.PumpSync to idle
    t =    39.58s Checking existence of `"Self-hosted" Button`
    t =    39.63s Tap "Self-hosted" Button
    t =    39.63s     Wait for dev.ericslutz.PumpSync to idle
    t =    39.63s     Find the "Self-hosted" Button
    t =    39.67s     Check for interrupting elements affecting "Self-hosted" Button
    t =    39.71s     Synthesize event
    t =    40.00s     Wait for dev.ericslutz.PumpSync to idle
    t =    40.01s Tap "Server URL" TextField
    t =    40.01s     Wait for dev.ericslutz.PumpSync to idle
    t =    40.02s     Find the "Server URL" TextField
    t =    40.06s     Check for interrupting elements affecting "Server URL" TextField
    t =    40.09s     Synthesize event
    t =    40.10s         Scroll element to visible
    t =    40.12s         Find the "Server URL" TextField
    t =    40.17s         Computed hit point {201.1666666666666, 565.5} after scrolling to visible
    t =    40.45s     Wait for dev.ericslutz.PumpSync to idle
    t =    41.34s Find the "Server URL" TextField
    t =    41.42s Type '' into "Server URL" TextField
    t =    41.42s     Wait for dev.ericslutz.PumpSync to idle
    t =    41.72s     Find the "Server URL" TextField
    t =    41.79s     Check for interrupting elements affecting "Server URL" TextField
    t =    41.84s     Synthesize event
    t =    42.28s     Wait for dev.ericslutz.PumpSync to idle
    t =    42.29s Type 'invalid' into "Server URL" TextField
    t =    42.29s     Wait for dev.ericslutz.PumpSync to idle
    t =    42.30s     Find the "Server URL" TextField
    t =    42.35s     Check for interrupting elements affecting "Server URL" TextField
    t =    42.39s     Synthesize event
    t =    42.71s     Wait for dev.ericslutz.PumpSync to idle
    t =    42.72s Tap "Connect" Button
    t =    42.72s     Wait for dev.ericslutz.PumpSync to idle
    t =    42.73s     Find the "Connect" Button
    t =    42.79s     Check for interrupting elements affecting "Connect" Button
    t =    42.83s     Synthesize event
    t =    42.84s         Scroll element to visible
    t =    42.84s         Find the "Connect" Button
    t =    42.90s         Computed hit point {178.16665649414062, 414.33338928222656} after scrolling to visible
    t =    43.18s     Wait for dev.ericslutz.PumpSync to idle
    t =    43.83s Waiting 5.0s for "SelfHostedConnectionFeedback" StaticText to exist
    t =    44.85s     Checking `Expect predicate `existsNoRetry == 1` for object "SelfHostedConnectionFeedback" StaticText`
    t =    44.86s         Checking existence of `"SelfHostedConnectionFeedback" StaticText`
    t =    44.92s Find the "SelfHostedConnectionFeedback" StaticText
    t =    45.97s Find the Target Application 'dev.ericslutz.PumpSync'
    t =    46.14s Added attachment named 'remediated-invalid-connect.png'
    t =    46.14s Requesting snapshot of accessibility hierarchy for app with pid 11783
    t =    46.42s Requesting snapshot of accessibility hierarchy for app with pid 11783
    t =    46.48s Added attachment named 'remediated-invalid-connect-tree.txt'
    t =    46.48s Terminate dev.ericslutz.PumpSync:11783
    t =    47.53s Tear Down
Test Case '-[PumpSyncUITests.PumpSyncAuditTests testRemediatedSystemLayoutsAndConnectionFeedback]' passed (47.843 seconds).
Test Suite 'PumpSyncAuditTests' passed at 2026-10-01 12:16:47.265.
	 Executed 1 test, with 0 failures (0 unexpected) in 47.843 (47.844) seconds
Test Suite 'PumpSyncUITests.xctest' passed at 2026-10-01 12:16:47.266.
	 Executed 1 test, with 0 failures (0 unexpected) in 47.843 (47.845) seconds
Test Suite 'Selected tests' passed at 2026-10-01 12:16:47.266.
	 Executed 1 test, with 0 failures (0 unexpected) in 47.843 (47.846) seconds
2026-10-01 12:16:47.586 xcodebuild[11728:3121438] [MT] IDETestOperationsObserverDebug: 51.490 elapsed -- Testing started completed.
2026-10-01 12:16:47.586 xcodebuild[11728:3121438] [MT] IDETestOperationsObserverDebug: 0.000 sec, +0.000 sec -- start
2026-10-01 12:16:47.586 xcodebuild[11728:3121438] [MT] IDETestOperationsObserverDebug: 51.490 sec, +51.490 sec -- end

Test session results, code coverage, and logs:
	/tmp/pumpsync-remediation-ax5-accepted.xcresult

** TEST SUCCEEDED **

Testing started
